
SYMBOLS BY NAME

    2800            RAM_Size            
    1100            RAM_Start_Address   
    41bc CODE       _ISRRx0             
    41f4 CODE       _ISRRx1             
    41a6 CODE       _ISRTx0             
    41de CODE       _ISRTx1             
    40c0 CODE       _Init               
    1102 IDATA0     _LEDarray           
    4216 CODE       _MsgTS              
    4ff2 CODE       _OSClrWDTHook       
    4ef0 CODE       _OSCreateSem        
    4b3a CODE       _OSCreateTask       
    5028 CODE       _OSCtxSw            
    4c1a CODE       _OSDelDelayQ        
    4bd6 CODE       _OSDelPrioQ         
    4948 CODE       _OSDelay            
    4fe2 CODE       _OSDisableHook      
    5004 CODE       _OSDispatch         
    4fec CODE       _OSEnableHook       
    4fa6 CODE       _OSGetTicks         
    4fe0 CODE       _OSIdlingHook       
    4b18 CODE       _OSInit             
    4bb2 CODE       _OSInitPrioTask     
    4ca6 CODE       _OSInsDelayQ        
    4c56 CODE       _OSInsPrioQ         
    4d08 CODE       _OSSched            
    4f4a CODE       _OSSignalSem        
    4fc4 CODE       _OSTimer            
    49d6 CODE       _OSWaitEvent        
    4f16 CODE       _OSWaitSem          
    1236 UDATA0     _OScTcbP            
    122a UDATA0     _OSdelayQP          
    1230 UDATA0     _OSecbArea          
    1238 UDATA0     _OSeligQP           
    1222 UDATA0     _OSframeP           
    1224 UDATA0     _OSlostTicks        
    122e UDATA0     _OSsigQinP          
    122c UDATA0     _OSsigQoutP         
    123a UDATA0     _OStcbArea          
    1226 UDATA0     _OStimerTicks       
    4070 CODE       _TaskDriver         
    464e CODE       _TaskPeriodic       
    4472 CODE       _TaskUI             
    418a CODE       _Timer_A            
    1100 IDATA0     ___begin_IDATA0     
    111e UDATA0     ___begin_UDATA0     
    5590 CODE       ___debug_catch_me_here
    5598 CODE       ___do_debug_operation
    1688 UDATA0     ___end_UDATA0       
    5b4a CONST      ___hex_lc           
    5b3a CONST      ___hex_uc           
    55f8 CODE       ___int16_mul        
    55ca CODE       ___int32_mul        
    560c CODE       ___uint16_div       
    5624 CODE       ___uint16_mod       
    562c CODE       ___uint32_div       
    563a CODE       ___uint32_divmod    
    50f4 CODE       ___vfprintf         
    1112 IDATA0     _baud               
    4436 CODE       _baudControl        
    1100 IDATA0     _count              
    4064 CODE       _counter            
    1686 UDATA0     _dbgCntrlWord       
    1684 UDATA0     _dbgCommWord        
    55b8 CODE       _debug_exit         
    43f0 CODE       _decreaseBaud       
    43aa CODE       _increaseBaud       
    4000 CODE       _main               
    5672 CODE       _memcpy             
    5682 CODE       _memset             
    445a CODE       _modDelay           
    406a CODE       _returnCount        
    1370 UDATA0     _rx0Buff            
    1474 UDATA0     _rx0Count           
    1472 UDATA0     _rx0InP             
    1470 UDATA0     _rx0OutP            
    157c UDATA0     _rx1Buff            
    1680 UDATA0     _rx1Count           
    167e UDATA0     _rx1InP             
    167c UDATA0     _rx1OutP            
    5692 CODE       _sprintf            
    111e UDATA0     _strTmp             
    5662 CODE       _strlen             
    56ce CODE       _tolower            
    126a UDATA0     _tx0Buff            
    136e UDATA0     _tx0Count           
    136c UDATA0     _tx0InP             
    136a UDATA0     _tx0OutP            
    1476 UDATA0     _tx1Buff            
    157a UDATA0     _tx1Count           
    1578 UDATA0     _tx1InP             
    1576 UDATA0     _tx1OutP            
    47b0 CODE       _usart_uart0_inchar 
    46a2 CODE       _usart_uart0_open   
    4784 CODE       _usart_uart0_outchar
    4730 CODE       _usart_uart0_putchar
    4762 CODE       _usart_uart0_puts   
    486e CODE       _usart_uart1_getchar
    4922 CODE       _usart_uart1_inchar 
    47d6 CODE       _usart_uart1_open   
    48f6 CODE       _usart_uart1_outchar
    48a2 CODE       _usart_uart1_putchar
    48d4 CODE       _usart_uart1_puts   
    4864 CODE       _usart_uart1_tx_free


SYMBOLS BY VALUE

    1100            RAM_Start_Address   
    1100 IDATA0     _count              
    1100 IDATA0     ___begin_IDATA0     
    1102 IDATA0     _LEDarray           
    1112 IDATA0     _baud               
    111e UDATA0     ___begin_UDATA0     
    111e UDATA0     _strTmp             
    1222 UDATA0     _OSframeP           
    1224 UDATA0     _OSlostTicks        
    1226 UDATA0     _OStimerTicks       
    122a UDATA0     _OSdelayQP          
    122c UDATA0     _OSsigQoutP         
    122e UDATA0     _OSsigQinP          
    1230 UDATA0     _OSecbArea          
    1236 UDATA0     _OScTcbP            
    1238 UDATA0     _OSeligQP           
    123a UDATA0     _OStcbArea          
    126a UDATA0     _tx0Buff            
    136a UDATA0     _tx0OutP            
    136c UDATA0     _tx0InP             
    136e UDATA0     _tx0Count           
    1370 UDATA0     _rx0Buff            
    1470 UDATA0     _rx0OutP            
    1472 UDATA0     _rx0InP             
    1474 UDATA0     _rx0Count           
    1476 UDATA0     _tx1Buff            
    1576 UDATA0     _tx1OutP            
    1578 UDATA0     _tx1InP             
    157a UDATA0     _tx1Count           
    157c UDATA0     _rx1Buff            
    167c UDATA0     _rx1OutP            
    167e UDATA0     _rx1InP             
    1680 UDATA0     _rx1Count           
    1684 UDATA0     _dbgCommWord        
    1686 UDATA0     _dbgCntrlWord       
    1688 UDATA0     ___end_UDATA0       
    2800            RAM_Size            
    4000 CODE       _main               
    4064 CODE       _counter            
    406a CODE       _returnCount        
    4070 CODE       _TaskDriver         
    40c0 CODE       _Init               
    418a CODE       _Timer_A            
    41a6 CODE       _ISRTx0             
    41bc CODE       _ISRRx0             
    41de CODE       _ISRTx1             
    41f4 CODE       _ISRRx1             
    4216 CODE       _MsgTS              
    43aa CODE       _increaseBaud       
    43f0 CODE       _decreaseBaud       
    4436 CODE       _baudControl        
    445a CODE       _modDelay           
    4472 CODE       _TaskUI             
    464e CODE       _TaskPeriodic       
    46a2 CODE       _usart_uart0_open   
    4730 CODE       _usart_uart0_putchar
    4762 CODE       _usart_uart0_puts   
    4784 CODE       _usart_uart0_outchar
    47b0 CODE       _usart_uart0_inchar 
    47d6 CODE       _usart_uart1_open   
    4864 CODE       _usart_uart1_tx_free
    486e CODE       _usart_uart1_getchar
    48a2 CODE       _usart_uart1_putchar
    48d4 CODE       _usart_uart1_puts   
    48f6 CODE       _usart_uart1_outchar
    4922 CODE       _usart_uart1_inchar 
    4948 CODE       _OSDelay            
    49d6 CODE       _OSWaitEvent        
    4b18 CODE       _OSInit             
    4b3a CODE       _OSCreateTask       
    4bb2 CODE       _OSInitPrioTask     
    4bd6 CODE       _OSDelPrioQ         
    4c1a CODE       _OSDelDelayQ        
    4c56 CODE       _OSInsPrioQ         
    4ca6 CODE       _OSInsDelayQ        
    4d08 CODE       _OSSched            
    4ef0 CODE       _OSCreateSem        
    4f16 CODE       _OSWaitSem          
    4f4a CODE       _OSSignalSem        
    4fa6 CODE       _OSGetTicks         
    4fc4 CODE       _OSTimer            
    4fe0 CODE       _OSIdlingHook       
    4fe2 CODE       _OSDisableHook      
    4fec CODE       _OSEnableHook       
    4ff2 CODE       _OSClrWDTHook       
    5004 CODE       _OSDispatch         
    5028 CODE       _OSCtxSw            
    50f4 CODE       ___vfprintf         
    5590 CODE       ___debug_catch_me_here
    5598 CODE       ___do_debug_operation
    55b8 CODE       _debug_exit         
    55ca CODE       ___int32_mul        
    55f8 CODE       ___int16_mul        
    560c CODE       ___uint16_div       
    5624 CODE       ___uint16_mod       
    562c CODE       ___uint32_div       
    563a CODE       ___uint32_divmod    
    5662 CODE       _strlen             
    5672 CODE       _memcpy             
    5682 CODE       _memset             
    5692 CODE       _sprintf            
    56ce CODE       _tolower            
    5b3a CONST      ___hex_uc           
    5b4a CONST      ___hex_lc           
