
SYMBOLS BY NAME

    2800            RAM_Size            
    1100            RAM_Start_Address   
    41bc CODE       _ISRRx0             
    41f4 CODE       _ISRRx1             
    41a6 CODE       _ISRTx0             
    41de CODE       _ISRTx1             
    40c0 CODE       _Init               
    1102 IDATA0     _LEDarray           
    4216 CODE       _MsgTS              
    4f9e CODE       _OSClrWDTHook       
    4e9c CODE       _OSCreateSem        
    4ae6 CODE       _OSCreateTask       
    4fd4 CODE       _OSCtxSw            
    4bc6 CODE       _OSDelDelayQ        
    4b82 CODE       _OSDelPrioQ         
    48f4 CODE       _OSDelay            
    4f8e CODE       _OSDisableHook      
    4fb0 CODE       _OSDispatch         
    4f98 CODE       _OSEnableHook       
    4f52 CODE       _OSGetTicks         
    4f8c CODE       _OSIdlingHook       
    4ac4 CODE       _OSInit             
    4b5e CODE       _OSInitPrioTask     
    4c52 CODE       _OSInsDelayQ        
    4c02 CODE       _OSInsPrioQ         
    4cb4 CODE       _OSSched            
    4ef6 CODE       _OSSignalSem        
    4f70 CODE       _OSTimer            
    4982 CODE       _OSWaitEvent        
    4ec2 CODE       _OSWaitSem          
    1236 UDATA0     _OScTcbP            
    122a UDATA0     _OSdelayQP          
    1230 UDATA0     _OSecbArea          
    1238 UDATA0     _OSeligQP           
    1222 UDATA0     _OSframeP           
    1224 UDATA0     _OSlostTicks        
    122e UDATA0     _OSsigQinP          
    122c UDATA0     _OSsigQoutP         
    123a UDATA0     _OStcbArea          
    1226 UDATA0     _OStimerTicks       
    4070 CODE       _TaskDriver         
    464e CODE       _TaskPeriodic       
    4472 CODE       _TaskUI             
    418a CODE       _Timer_A            
    1100 IDATA0     ___begin_IDATA0     
    111e UDATA0     ___begin_UDATA0     
    553c CODE       ___debug_catch_me_here
    5544 CODE       ___do_debug_operation
    1688 UDATA0     ___end_UDATA0       
    5af6 CONST      ___hex_lc           
    5ae6 CONST      ___hex_uc           
    55a4 CODE       ___int16_mul        
    5576 CODE       ___int32_mul        
    55b8 CODE       ___uint16_div       
    55d0 CODE       ___uint16_mod       
    55d8 CODE       ___uint32_div       
    55e6 CODE       ___uint32_divmod    
    50a0 CODE       ___vfprintf         
    1112 IDATA0     _baud               
    4436 CODE       _baudControl        
    1100 IDATA0     _count              
    4064 CODE       _counter            
    1686 UDATA0     _dbgCntrlWord       
    1684 UDATA0     _dbgCommWord        
    5564 CODE       _debug_exit         
    43f0 CODE       _decreaseBaud       
    43aa CODE       _increaseBaud       
    4000 CODE       _main               
    561e CODE       _memcpy             
    562e CODE       _memset             
    445a CODE       _modDelay           
    406a CODE       _returnCount        
    1370 UDATA0     _rx0Buff            
    1474 UDATA0     _rx0Count           
    1472 UDATA0     _rx0InP             
    1470 UDATA0     _rx0OutP            
    157c UDATA0     _rx1Buff            
    1680 UDATA0     _rx1Count           
    167e UDATA0     _rx1InP             
    167c UDATA0     _rx1OutP            
    563e CODE       _sprintf            
    111e UDATA0     _strTmp             
    560e CODE       _strlen             
    567a CODE       _tolower            
    126a UDATA0     _tx0Buff            
    136e UDATA0     _tx0Count           
    136c UDATA0     _tx0InP             
    136a UDATA0     _tx0OutP            
    1476 UDATA0     _tx1Buff            
    157a UDATA0     _tx1Count           
    1578 UDATA0     _tx1InP             
    1576 UDATA0     _tx1OutP            
    475c CODE       _usart_uart0_inchar 
    46a2 CODE       _usart_uart0_open   
    4730 CODE       _usart_uart0_outchar
    481a CODE       _usart_uart1_getchar
    48ce CODE       _usart_uart1_inchar 
    4782 CODE       _usart_uart1_open   
    48a2 CODE       _usart_uart1_outchar
    484e CODE       _usart_uart1_putchar
    4880 CODE       _usart_uart1_puts   
    4810 CODE       _usart_uart1_tx_free


SYMBOLS BY VALUE

    1100 IDATA0     _count              
    1100            RAM_Start_Address   
    1100 IDATA0     ___begin_IDATA0     
    1102 IDATA0     _LEDarray           
    1112 IDATA0     _baud               
    111e UDATA0     ___begin_UDATA0     
    111e UDATA0     _strTmp             
    1222 UDATA0     _OSframeP           
    1224 UDATA0     _OSlostTicks        
    1226 UDATA0     _OStimerTicks       
    122a UDATA0     _OSdelayQP          
    122c UDATA0     _OSsigQoutP         
    122e UDATA0     _OSsigQinP          
    1230 UDATA0     _OSecbArea          
    1236 UDATA0     _OScTcbP            
    1238 UDATA0     _OSeligQP           
    123a UDATA0     _OStcbArea          
    126a UDATA0     _tx0Buff            
    136a UDATA0     _tx0OutP            
    136c UDATA0     _tx0InP             
    136e UDATA0     _tx0Count           
    1370 UDATA0     _rx0Buff            
    1470 UDATA0     _rx0OutP            
    1472 UDATA0     _rx0InP             
    1474 UDATA0     _rx0Count           
    1476 UDATA0     _tx1Buff            
    1576 UDATA0     _tx1OutP            
    1578 UDATA0     _tx1InP             
    157a UDATA0     _tx1Count           
    157c UDATA0     _rx1Buff            
    167c UDATA0     _rx1OutP            
    167e UDATA0     _rx1InP             
    1680 UDATA0     _rx1Count           
    1684 UDATA0     _dbgCommWord        
    1686 UDATA0     _dbgCntrlWord       
    1688 UDATA0     ___end_UDATA0       
    2800            RAM_Size            
    4000 CODE       _main               
    4064 CODE       _counter            
    406a CODE       _returnCount        
    4070 CODE       _TaskDriver         
    40c0 CODE       _Init               
    418a CODE       _Timer_A            
    41a6 CODE       _ISRTx0             
    41bc CODE       _ISRRx0             
    41de CODE       _ISRTx1             
    41f4 CODE       _ISRRx1             
    4216 CODE       _MsgTS              
    43aa CODE       _increaseBaud       
    43f0 CODE       _decreaseBaud       
    4436 CODE       _baudControl        
    445a CODE       _modDelay           
    4472 CODE       _TaskUI             
    464e CODE       _TaskPeriodic       
    46a2 CODE       _usart_uart0_open   
    4730 CODE       _usart_uart0_outchar
    475c CODE       _usart_uart0_inchar 
    4782 CODE       _usart_uart1_open   
    4810 CODE       _usart_uart1_tx_free
    481a CODE       _usart_uart1_getchar
    484e CODE       _usart_uart1_putchar
    4880 CODE       _usart_uart1_puts   
    48a2 CODE       _usart_uart1_outchar
    48ce CODE       _usart_uart1_inchar 
    48f4 CODE       _OSDelay            
    4982 CODE       _OSWaitEvent        
    4ac4 CODE       _OSInit             
    4ae6 CODE       _OSCreateTask       
    4b5e CODE       _OSInitPrioTask     
    4b82 CODE       _OSDelPrioQ         
    4bc6 CODE       _OSDelDelayQ        
    4c02 CODE       _OSInsPrioQ         
    4c52 CODE       _OSInsDelayQ        
    4cb4 CODE       _OSSched            
    4e9c CODE       _OSCreateSem        
    4ec2 CODE       _OSWaitSem          
    4ef6 CODE       _OSSignalSem        
    4f52 CODE       _OSGetTicks         
    4f70 CODE       _OSTimer            
    4f8c CODE       _OSIdlingHook       
    4f8e CODE       _OSDisableHook      
    4f98 CODE       _OSEnableHook       
    4f9e CODE       _OSClrWDTHook       
    4fb0 CODE       _OSDispatch         
    4fd4 CODE       _OSCtxSw            
    50a0 CODE       ___vfprintf         
    553c CODE       ___debug_catch_me_here
    5544 CODE       ___do_debug_operation
    5564 CODE       _debug_exit         
    5576 CODE       ___int32_mul        
    55a4 CODE       ___int16_mul        
    55b8 CODE       ___uint16_div       
    55d0 CODE       ___uint16_mod       
    55d8 CODE       ___uint32_div       
    55e6 CODE       ___uint32_divmod    
    560e CODE       _strlen             
    561e CODE       _memcpy             
    562e CODE       _memset             
    563e CODE       _sprintf            
    567a CODE       _tolower            
    5ae6 CONST      ___hex_uc           
    5af6 CONST      ___hex_lc           
